Archive member included to satisfy reference by file (symbol)

c:/program files (x86)/atollic/truestudio for stm32 9.2.0/armtools/bin/../lib/gcc/arm-atollic-eabi/6.3.1/../../../../arm-atollic-eabi/lib/armv7e-m/fpu\libc_nano.a(lib_a-init.o)
                              startup\startup_stm32f407xx.o (__libc_init_array)
c:/program files (x86)/atollic/truestudio for stm32 9.2.0/armtools/bin/../lib/gcc/arm-atollic-eabi/6.3.1/../../../../arm-atollic-eabi/lib/armv7e-m/fpu\libc_nano.a(lib_a-memcpy-stub.o)
                              Middlewares\Third_Party\FreeRTOS\Source\queue.o (memcpy)
c:/program files (x86)/atollic/truestudio for stm32 9.2.0/armtools/bin/../lib/gcc/arm-atollic-eabi/6.3.1/../../../../arm-atollic-eabi/lib/armv7e-m/fpu\libc_nano.a(lib_a-memset.o)
                              Src\main.o (memset)
c:/program files (x86)/atollic/truestudio for stm32 9.2.0/armtools/bin/../lib/gcc/arm-atollic-eabi/6.3.1/armv7e-m/fpu\libgcc.a(_aeabi_uldivmod.o)
                              Drivers\STM32F4xx_HAL_Driver\Src\stm32f4xx_hal_rcc.o (__aeabi_uldivmod)
c:/program files (x86)/atollic/truestudio for stm32 9.2.0/armtools/bin/../lib/gcc/arm-atollic-eabi/6.3.1/armv7e-m/fpu\libgcc.a(_udivmoddi4.o)
                              c:/program files (x86)/atollic/truestudio for stm32 9.2.0/armtools/bin/../lib/gcc/arm-atollic-eabi/6.3.1/armv7e-m/fpu\libgcc.a(_aeabi_uldivmod.o) (__udivmoddi4)
c:/program files (x86)/atollic/truestudio for stm32 9.2.0/armtools/bin/../lib/gcc/arm-atollic-eabi/6.3.1/armv7e-m/fpu\libgcc.a(_dvmd_tls.o)
                              c:/program files (x86)/atollic/truestudio for stm32 9.2.0/armtools/bin/../lib/gcc/arm-atollic-eabi/6.3.1/armv7e-m/fpu\libgcc.a(_aeabi_uldivmod.o) (__aeabi_ldiv0)

Allocating common symbols
Common symbol       size              file

defaultTaskHandle   0x4               Src\main.o
hiwdg               0xc               Src\main.o
uwTick              0x4               Drivers\STM32F4xx_HAL_Driver\Src\stm32f4xx_hal.o
xQueueRegistry      0x40              Middlewares\Third_Party\FreeRTOS\Source\queue.o
pFlash              0x20              Drivers\STM32F4xx_HAL_Driver\Src\stm32f4xx_hal_flash.o
htim7               0x3c              Src\stm32f4xx_hal_timebase_tim.o

Discarded input sections

 .text          0x00000000        0x0 c:/program files (x86)/atollic/truestudio for stm32 9.2.0/armtools/bin/../lib/gcc/arm-atollic-eabi/6.3.1/armv7e-m/fpu/crti.o
 .data          0x00000000        0x0 c:/program files (x86)/atollic/truestudio for stm32 9.2.0/armtools/bin/../lib/gcc/arm-atollic-eabi/6.3.1/armv7e-m/fpu/crti.o
 .bss           0x00000000        0x0 c:/program files (x86)/atollic/truestudio for stm32 9.2.0/armtools/bin/../lib/gcc/arm-atollic-eabi/6.3.1/armv7e-m/fpu/crti.o
 .data          0x00000000        0x4 c:/program files (x86)/atollic/truestudio for stm32 9.2.0/armtools/bin/../lib/gcc/arm-atollic-eabi/6.3.1/armv7e-m/fpu/crtbegin.o
 .text          0x00000000        0x0 Drivers\STM32F4xx_HAL_Driver\Src\stm32f4xx_hal.o
 .data          0x00000000        0x0 Drivers\STM32F4xx_HAL_Driver\Src\stm32f4xx_hal.o
 .bss           0x00000000        0x0 Drivers\STM32F4xx_HAL_Driver\Src\stm32f4xx_hal.o
 .text.HAL_MspInit
                0x00000000        0x2 Drivers\STM32F4xx_HAL_Driver\Src\stm32f4xx_hal.o
 .text.HAL_MspDeInit
                0x00000000        0x2 Drivers\STM32F4xx_HAL_Driver\Src\stm32f4xx_hal.o
 .text.HAL_DeInit
                0x00000000       0x2c Drivers\STM32F4xx_HAL_Driver\Src\stm32f4xx_hal.o
 .text.HAL_InitTick
                0x00000000       0x48 Drivers\STM32F4xx_HAL_Driver\Src\stm32f4xx_hal.o
 .text.HAL_GetTickPrio
                0x00000000        0xc Drivers\STM32F4xx_HAL_Driver\Src\stm32f4xx_hal.o
 .text.HAL_SetTickFreq
                0x00000000       0x24 Drivers\STM32F4xx_HAL_Driver\Src\stm32f4xx_hal.o
 .text.HAL_GetTickFreq
                0x00000000        0xc Drivers\STM32F4xx_HAL_Driver\Src\stm32f4xx_hal.o
 .text.HAL_SuspendTick
                0x00000000       0x10 Drivers\STM32F4xx_HAL_Driver\Src\stm32f4xx_hal.o
 .text.HAL_ResumeTick
                0x00000000       0x10 Drivers\STM32F4xx_HAL_Driver\Src\stm32f4xx_hal.o
 .text.HAL_GetHalVersion
                0x00000000        0x8 Drivers\STM32F4xx_HAL_Driver\Src\stm32f4xx_hal.o
 .text.HAL_GetREVID
                0x00000000        0xc Drivers\STM32F4xx_HAL_Driver\Src\stm32f4xx_hal.o
 .text.HAL_GetDEVID
                0x00000000       0x10 Drivers\STM32F4xx_HAL_Driver\Src\stm32f4xx_hal.o
 .text.HAL_DBGMCU_EnableDBGSleepMode
                0x00000000       0x10 Drivers\STM32F4xx_HAL_Driver\Src\stm32f4xx_hal.o
 .text.HAL_DBGMCU_DisableDBGSleepMode
                0x00000000       0x10 Drivers\STM32F4xx_HAL_Driver\Src\stm32f4xx_hal.o
 .text.HAL_DBGMCU_EnableDBGStopMode
                0x00000000       0x10 Drivers\STM32F4xx_HAL_Driver\Src\stm32f4xx_hal.o
 .text.HAL_DBGMCU_DisableDBGStopMode
                0x00000000       0x10 Drivers\STM32F4xx_HAL_Driver\Src\stm32f4xx_hal.o
[...]
Memory Configuration

Name             Origin             Length             Attributes
RAM              0x20000000         0x00020000         xrw
CCMRAM           0x10000000         0x00010000         rw
FLASH            0x08000000         0x00100000         xr
*default*        0x00000000         0xffffffff

Linker script and memory map

LOAD c:/program files (x86)/atollic/truestudio for stm32 9.2.0/armtools/bin/../lib/gcc/arm-atollic-eabi/6.3.1/armv7e-m/fpu/crti.o
LOAD c:/program files (x86)/atollic/truestudio for stm32 9.2.0/armtools/bin/../lib/gcc/arm-atollic-eabi/6.3.1/armv7e-m/fpu/crtbegin.o
LOAD Drivers\STM32F4xx_HAL_Driver\Src\stm32f4xx_hal.o
LOAD Drivers\STM32F4xx_HAL_Driver\Src\stm32f4xx_hal_cortex.o
LOAD Drivers\STM32F4xx_HAL_Driver\Src\stm32f4xx_hal_dma.o
LOAD Drivers\STM32F4xx_HAL_Driver\Src\stm32f4xx_hal_dma_ex.o
LOAD Drivers\STM32F4xx_HAL_Driver\Src\stm32f4xx_hal_flash.o
LOAD Drivers\STM32F4xx_HAL_Driver\Src\stm32f4xx_hal_flash_ex.o
LOAD Drivers\STM32F4xx_HAL_Driver\Src\stm32f4xx_hal_flash_ramfunc.o
LOAD Drivers\STM32F4xx_HAL_Driver\Src\stm32f4xx_hal_gpio.o
LOAD Drivers\STM32F4xx_HAL_Driver\Src\stm32f4xx_hal_iwdg.o
LOAD Drivers\STM32F4xx_HAL_Driver\Src\stm32f4xx_hal_pwr.o
LOAD Drivers\STM32F4xx_HAL_Driver\Src\stm32f4xx_hal_pwr_ex.o
LOAD Drivers\STM32F4xx_HAL_Driver\Src\stm32f4xx_hal_rcc.o
LOAD Drivers\STM32F4xx_HAL_Driver\Src\stm32f4xx_hal_rcc_ex.o
LOAD Drivers\STM32F4xx_HAL_Driver\Src\stm32f4xx_hal_tim.o
LOAD Drivers\STM32F4xx_HAL_Driver\Src\stm32f4xx_hal_tim_ex.o
LOAD Middlewares\Third_Party\FreeRTOS\Source\CMSIS_RTOS\cmsis_os.o
LOAD Middlewares\Third_Party\FreeRTOS\Source\croutine.o
LOAD Middlewares\Third_Party\FreeRTOS\Source\event_groups.o
LOAD Middlewares\Third_Party\FreeRTOS\Source\list.o
LOAD Middlewares\Third_Party\FreeRTOS\Source\portable\GCC\ARM_CM4F\port.o
LOAD Middlewares\Third_Party\FreeRTOS\Source\portable\MemMang\heap_4.o
LOAD Middlewares\Third_Party\FreeRTOS\Source\queue.o
LOAD Middlewares\Third_Party\FreeRTOS\Source\tasks.o
LOAD Middlewares\Third_Party\FreeRTOS\Source\timers.o
LOAD Src\freertos.o
LOAD Src\main.o
LOAD Src\stm32f4xx_hal_msp.o
LOAD Src\stm32f4xx_hal_timebase_tim.o
LOAD Src\stm32f4xx_it.o
LOAD Src\system_stm32f4xx.o
LOAD startup\startup_stm32f407xx.o
                0x00000080                malloc_getpagesize_P = 0x80
START GROUP
LOAD c:/program files (x86)/atollic/truestudio for stm32 9.2.0/armtools/bin/../lib/gcc/arm-atollic-eabi/6.3.1/../../../../arm-atollic-eabi/lib/armv7e-m/fpu\libc_nano.a
LOAD c:/program files (x86)/atollic/truestudio for stm32 9.2.0/armtools/bin/../lib/gcc/arm-atollic-eabi/6.3.1/../../../../arm-atollic-eabi/lib/armv7e-m/fpu\libm.a
END GROUP
START GROUP
LOAD c:/program files (x86)/atollic/truestudio for stm32 9.2.0/armtools/bin/../lib/gcc/arm-atollic-eabi/6.3.1/armv7e-m/fpu\libgcc.a
LOAD c:/program files (x86)/atollic/truestudio for stm32 9.2.0/armtools/bin/../lib/gcc/arm-atollic-eabi/6.3.1/../../../../arm-atollic-eabi/lib/armv7e-m/fpu\libc_nano.a
END GROUP
START GROUP
LOAD c:/program files (x86)/atollic/truestudio for stm32 9.2.0/armtools/bin/../lib/gcc/arm-atollic-eabi/6.3.1/armv7e-m/fpu\libgcc.a
LOAD c:/program files (x86)/atollic/truestudio for stm32 9.2.0/armtools/bin/../lib/gcc/arm-atollic-eabi/6.3.1/../../../../arm-atollic-eabi/lib/armv7e-m/fpu\libc_nano.a
LOAD c:/program files (x86)/atollic/truestudio for stm32 9.2.0/armtools/bin/../lib/gcc/arm-atollic-eabi/6.3.1/../../../../arm-atollic-eabi/lib/armv7e-m/fpu\libnosys.a
END GROUP
START GROUP
LOAD c:/program files (x86)/atollic/truestudio for stm32 9.2.0/armtools/bin/../lib/gcc/arm-atollic-eabi/6.3.1/armv7e-m/fpu\libgcc.a
LOAD c:/program files (x86)/atollic/truestudio for stm32 9.2.0/armtools/bin/../lib/gcc/arm-atollic-eabi/6.3.1/../../../../arm-atollic-eabi/lib/armv7e-m/fpu\libc_nano.a
LOAD c:/program files (x86)/atollic/truestudio for stm32 9.2.0/armtools/bin/../lib/gcc/arm-atollic-eabi/6.3.1/../../../../arm-atollic-eabi/lib/armv7e-m/fpu\libnosys.a
END GROUP
LOAD c:/program files (x86)/atollic/truestudio for stm32 9.2.0/armtools/bin/../lib/gcc/arm-atollic-eabi/6.3.1/armv7e-m/fpu/crtend.o
LOAD c:/program files (x86)/atollic/truestudio for stm32 9.2.0/armtools/bin/../lib/gcc/arm-atollic-eabi/6.3.1/armv7e-m/fpu/crtn.o
                0x20020000                _estack = 0x20020000
                0x00000200                _Min_Heap_Size = 0x200
                0x00000400                _Min_Stack_Size = 0x400

.isr_vector     0x08000000      0x188
                0x08000000                . = ALIGN (0x4)
 *(.isr_vector)
 .isr_vector    0x08000000      0x188 startup\startup_stm32f407xx.o
                0x08000000                g_pfnVectors
                0x08000188                . = ALIGN (0x4)

.text           0x08000190     0x1dc0
                0x08000190                . = ALIGN (0x4)
 *(.text)
 .text          0x08000190       0x40 c:/program files (x86)/atollic/truestudio for stm32 9.2.0/armtools/bin/../lib/gcc/arm-atollic-eabi/6.3.1/armv7e-m/fpu/crtbegin.o
 .text          0x080001d0       0x30 c:/program files (x86)/atollic/truestudio for stm32 9.2.0/armtools/bin/../lib/gcc/arm-atollic-eabi/6.3.1/armv7e-m/fpu\libgcc.a(_aeabi_uldivmod.o)
                0x080001d0                __aeabi_uldivmod
 .text          0x08000200      0x2dc c:/program files (x86)/atollic/truestudio for stm32 9.2.0/armtools/bin/../lib/gcc/arm-atollic-eabi/6.3.1/armv7e-m/fpu\libgcc.a(_udivmoddi4.o)
                0x08000200                __udivmoddi4
 .text          0x080004dc        0x4 c:/program files (x86)/atollic/truestudio for stm32 9.2.0/armtools/bin/../lib/gcc/arm-atollic-eabi/6.3.1/armv7e-m/fpu\libgcc.a(_dvmd_tls.o)
                0x080004dc                __aeabi_idiv0
                0x080004dc                __aeabi_ldiv0
 *(.text*)
 .text.HAL_Init
                0x080004e0       0x34 Drivers\STM32F4xx_HAL_Driver\Src\stm32f4xx_hal.o
                0x080004e0                HAL_Init
 .text.HAL_IncTick
                0x08000514       0x18 Drivers\STM32F4xx_HAL_Driver\Src\stm32f4xx_hal.o
                0x08000514                HAL_IncTick
 .text.HAL_GetTick
                0x0800052c        0xc Drivers\STM32F4xx_HAL_Driver\Src\stm32f4xx_hal.o
                0x0800052c                HAL_GetTick
 .text.HAL_Delay
                0x08000538       0x28 Drivers\STM32F4xx_HAL_Driver\Src\stm32f4xx_hal.o
                0x08000538                HAL_Delay
 .text.HAL_NVIC_SetPriorityGrouping
                0x08000560       0x24 Drivers\STM32F4xx_HAL_Driver\Src\stm32f4xx_hal_cortex.o
                0x08000560                HAL_NVIC_SetPriorityGrouping
 .text.HAL_NVIC_SetPriority
                0x08000584       0x68 Drivers\STM32F4xx_HAL_Driver\Src\stm32f4xx_hal_cortex.o
                0x08000584                HAL_NVIC_SetPriority
 .text.HAL_NVIC_EnableIRQ
                0x080005ec       0x18 Drivers\STM32F4xx_HAL_Driver\Src\stm32f4xx_hal_cortex.o
                0x080005ec                HAL_NVIC_EnableIRQ
 .text.HAL_GPIO_Init
                0x08000604      0x1c0 Drivers\STM32F4xx_HAL_Driver\Src\stm32f4xx_hal_gpio.o
                0x08000604                HAL_GPIO_Init
 .text.HAL_GPIO_WritePin
                0x080007c4        0xa Drivers\STM32F4xx_HAL_Driver\Src\stm32f4xx_hal_gpio.o
                0x080007c4                HAL_GPIO_WritePin
 .text.HAL_IWDG_Init
                0x080007ce       0x42 Drivers\STM32F4xx_HAL_Driver\Src\stm32f4xx_hal_iwdg.o
                0x080007ce                HAL_IWDG_Init
 .text.HAL_IWDG_Refresh
                0x08000810        0xc Drivers\STM32F4xx_HAL_Driver\Src\stm32f4xx_hal_iwdg.o
                0x08000810                HAL_IWDG_Refresh
 .text.HAL_RCC_OscConfig
                0x0800081c      0x304 Drivers\STM32F4xx_HAL_Driver\Src\stm32f4xx_hal_rcc.o
                0x0800081c                HAL_RCC_OscConfig
 .text.HAL_RCC_GetSysClockFreq
                0x08000b20       0x5c Drivers\STM32F4xx_HAL_Driver\Src\stm32f4xx_hal_rcc.o
                0x08000b20                HAL_RCC_GetSysClockFreq
 .text.HAL_RCC_ClockConfig
                0x08000b7c      0x134 Drivers\STM32F4xx_HAL_Driver\Src\stm32f4xx_hal_rcc.o
                0x08000b7c                HAL_RCC_ClockConfig
 .text.HAL_RCC_GetPCLK1Freq
                0x08000cb0       0x20 Drivers\STM32F4xx_HAL_Driver\Src\stm32f4xx_hal_rcc.o
                0x08000cb0                HAL_RCC_GetPCLK1Freq
 .text.HAL_RCC_GetClockConfig
                0x08000cd0       0x3c Drivers\STM32F4xx_HAL_Driver\Src\stm32f4xx_hal_rcc.o
                0x08000cd0                HAL_RCC_GetClockConfig
 .text.HAL_TIM_Base_MspInit
                0x08000d0c        0x2 Drivers\STM32F4xx_HAL_Driver\Src\stm32f4xx_hal_tim.o
                0x08000d0c                HAL_TIM_Base_MspInit
 .text.HAL_TIM_Base_Start_IT
                0x08000d0e       0x16 Drivers\STM32F4xx_HAL_Driver\Src\stm32f4xx_hal_tim.o
                0x08000d0e                HAL_TIM_Base_Start_IT
 .text.HAL_TIM_OC_DelayElapsedCallback
                0x08000d24        0x2 Drivers\STM32F4xx_HAL_Driver\Src\stm32f4xx_hal_tim.o
                0x08000d24                HAL_TIM_OC_DelayElapsedCallback
 .text.HAL_TIM_IC_CaptureCallback
                0x08000d26        0x2 Drivers\STM32F4xx_HAL_Driver\Src\stm32f4xx_hal_tim.o
                0x08000d26                HAL_TIM_IC_CaptureCallback
 .text.HAL_TIM_PWM_PulseFinishedCallback
                0x08000d28        0x2 Drivers\STM32F4xx_HAL_Driver\Src\stm32f4xx_hal_tim.o
                0x08000d28                HAL_TIM_PWM_PulseFinishedCallback
 .text.HAL_TIM_TriggerCallback
                0x08000d2a        0x2 Drivers\STM32F4xx_HAL_Driver\Src\stm32f4xx_hal_tim.o
                0x08000d2a                HAL_TIM_TriggerCallback
 .text.HAL_TIM_IRQHandler
                0x08000d2c      0x144 Drivers\STM32F4xx_HAL_Driver\Src\stm32f4xx_hal_tim.o
                0x08000d2c                HAL_TIM_IRQHandler
 .text.TIM_Base_SetConfig
                0x08000e70       0xc8 Drivers\STM32F4xx_HAL_Driver\Src\stm32f4xx_hal_tim.o
                0x08000e70                TIM_Base_SetConfig
 .text.HAL_TIM_Base_Init
                0x08000f38       0x34 Drivers\STM32F4xx_HAL_Driver\Src\stm32f4xx_hal_tim.o
                0x08000f38                HAL_TIM_Base_Init
 .text.HAL_TIMEx_CommutationCallback
                0x08000f6c        0x2 Drivers\STM32F4xx_HAL_Driver\Src\stm32f4xx_hal_tim_ex.o
                0x08000f6c                HAL_TIMEx_CommutationCallback
 .text.HAL_TIMEx_BreakCallback
                0x08000f6e        0x2 Drivers\STM32F4xx_HAL_Driver\Src\stm32f4xx_hal_tim_ex.o
                0x08000f6e                HAL_TIMEx_BreakCallback
 .text.osKernelStart
                0x08000f70        0xa Middlewares\Third_Party\FreeRTOS\Source\CMSIS_RTOS\cmsis_os.o
                0x08000f70                osKernelStart
 .text.osThreadCreate
                0x08000f7a       0x30 Middlewares\Third_Party\FreeRTOS\Source\CMSIS_RTOS\cmsis_os.o
                0x08000f7a                osThreadCreate
 .text.osDelay  0x08000faa       0x10 Middlewares\Third_Party\FreeRTOS\Source\CMSIS_RTOS\cmsis_os.o
                0x08000faa                osDelay
 .text.vListInitialise
                0x08000fba       0x16 Middlewares\Third_Party\FreeRTOS\Source\list.o
                0x08000fba                vListInitialise
 .text.vListInitialiseItem
                0x08000fd0        0x6 Middlewares\Third_Party\FreeRTOS\Source\list.o
                0x08000fd0                vListInitialiseItem
 .text.vListInsertEnd
                0x08000fd6       0x18 Middlewares\Third_Party\FreeRTOS\Source\list.o
                0x08000fd6                vListInsertEnd
 .text.vListInsert
                0x08000fee       0x2e Middlewares\Third_Party\FreeRTOS\Source\list.o
                0x08000fee                vListInsert
 .text.uxListRemove
                0x0800101c       0x20 Middlewares\Third_Party\FreeRTOS\Source\list.o
                0x0800101c                uxListRemove
 .text.prvTaskExitError
                0x0800103c       0x30 Middlewares\Third_Party\FreeRTOS\Source\portable\GCC\ARM_CM4F\port.o
 .text.prvPortStartFirstTask
                0x0800106c       0x20 Middlewares\Third_Party\FreeRTOS\Source\portable\GCC\ARM_CM4F\port.o
 .text.vPortEnableVFP
                0x0800108c       0x14 Middlewares\Third_Party\FreeRTOS\Source\portable\GCC\ARM_CM4F\port.o
 .text.pxPortInitialiseStack
                0x080010a0       0x2c Middlewares\Third_Party\FreeRTOS\Source\portable\GCC\ARM_CM4F\port.o
                0x080010a0                pxPortInitialiseStack
 *fill*         0x080010cc        0x4 
 .text.SVC_Handler
                0x080010d0       0x24 Middlewares\Third_Party\FreeRTOS\Source\portable\GCC\ARM_CM4F\port.o
                0x080010d0                SVC_Handler
 .text.vPortEnterCritical
                0x080010f4       0x44 Middlewares\Third_Party\FreeRTOS\Source\portable\GCC\ARM_CM4F\port.o
                0x080010f4                vPortEnterCritical
 .text.vPortExitCritical
                0x08001138       0x28 Middlewares\Third_Party\FreeRTOS\Source\portable\GCC\ARM_CM4F\port.o
                0x08001138                vPortExitCritical
 .text.PendSV_Handler
                0x08001160       0x64 Middlewares\Third_Party\FreeRTOS\Source\portable\GCC\ARM_CM4F\port.o
                0x08001160                PendSV_Handler
 .text.SysTick_Handler
                0x080011c4       0x2c Middlewares\Third_Party\FreeRTOS\Source\portable\GCC\ARM_CM4F\port.o
                0x080011c4                SysTick_Handler
 .text.vPortSetupTimerInterrupt
                0x080011f0       0x28 Middlewares\Third_Party\FreeRTOS\Source\portable\GCC\ARM_CM4F\port.o
                0x080011f0                vPortSetupTimerInterrupt
 .text.xPortStartScheduler
                0x08001218       0xec Middlewares\Third_Party\FreeRTOS\Source\portable\GCC\ARM_CM4F\port.o
                0x08001218                xPortStartScheduler
 .text.unlikely.prvInsertBlockIntoFreeList
                0x08001304       0x48 Middlewares\Third_Party\FreeRTOS\Source\portable\MemMang\heap_4.o
 .text.pvPortMalloc
                0x0800134c      0x11c Middlewares\Third_Party\FreeRTOS\Source\portable\MemMang\heap_4.o
                0x0800134c                pvPortMalloc
 .text.vPortFree
                0x08001468       0x70 Middlewares\Third_Party\FreeRTOS\Source\portable\MemMang\heap_4.o
                0x08001468                vPortFree
 .text.prvResetNextTaskUnblockTime
                0x080014d8       0x24 Middlewares\Third_Party\FreeRTOS\Source\tasks.o
 .text.prvAddCurrentTaskToDelayedList
                0x080014fc       0x8c Middlewares\Third_Party\FreeRTOS\Source\tasks.o
 .text.xTaskCreate
                0x08001588      0x1a0 Middlewares\Third_Party\FreeRTOS\Source\tasks.o
                0x08001588                xTaskCreate
 .text.vTaskStartScheduler
                0x08001728       0x78 Middlewares\Third_Party\FreeRTOS\Source\tasks.o
                0x08001728                vTaskStartScheduler
 .text.vTaskSuspendAll
                0x080017a0       0x10 Middlewares\Third_Party\FreeRTOS\Source\tasks.o
                0x080017a0                vTaskSuspendAll
 .text.xTaskIncrementTick
                0x080017b0      0x124 Middlewares\Third_Party\FreeRTOS\Source\tasks.o
                0x080017b0                xTaskIncrementTick
 .text.xTaskResumeAll
                0x080018d4       0xf0 Middlewares\Third_Party\FreeRTOS\Source\tasks.o
                0x080018d4                xTaskResumeAll
 .text.vTaskDelay
                0x080019c4       0x48 Middlewares\Third_Party\FreeRTOS\Source\tasks.o
                0x080019c4                vTaskDelay
 .text.prvIdleTask
                0x08001a0c       0x78 Middlewares\Third_Party\FreeRTOS\Source\tasks.o
 .text.vTaskSwitchContext
                0x08001a84       0x74 Middlewares\Third_Party\FreeRTOS\Source\tasks.o
                0x08001a84                vTaskSwitchContext
 .text.StartDefaultTask
                0x08001af8       0x34 Src\main.o
                0x08001af8                StartDefaultTask
 .text.SystemClock_Config
                0x08001b2c       0x98 Src\main.o
                0x08001b2c                SystemClock_Config
 .text.startup.main
                0x08001bc4      0x184 Src\main.o
                0x08001bc4                main
 .text.vApplicationIdleHook
                0x08001d48        0xc Src\main.o
                0x08001d48                vApplicationIdleHook
 .text.HAL_TIM_PeriodElapsedCallback
                0x08001d54       0x14 Src\main.o
                0x08001d54                HAL_TIM_PeriodElapsedCallback
 .text.HAL_MspInit
                0x08001d68       0x44 Src\stm32f4xx_hal_msp.o
                0x08001d68                HAL_MspInit
 .text.HAL_InitTick
                0x08001dac       0x7c Src\stm32f4xx_hal_timebase_tim.o
                0x08001dac                HAL_InitTick
 .text.NMI_Handler
                0x08001e28        0x2 Src\stm32f4xx_it.o
                0x08001e28                NMI_Handler
 .text.HardFault_Handler
                0x08001e2a        0x2 Src\stm32f4xx_it.o
                0x08001e2a                HardFault_Handler
 .text.MemManage_Handler
                0x08001e2c        0x2 Src\stm32f4xx_it.o
                0x08001e2c                MemManage_Handler
 .text.BusFault_Handler
                0x08001e2e        0x2 Src\stm32f4xx_it.o
                0x08001e2e                BusFault_Handler
 .text.UsageFault_Handler
                0x08001e30        0x2 Src\stm32f4xx_it.o
                0x08001e30                UsageFault_Handler
 .text.DebugMon_Handler
                0x08001e32        0x2 Src\stm32f4xx_it.o
                0x08001e32                DebugMon_Handler
 .text.TIM7_IRQHandler
                0x08001e34        0xc Src\stm32f4xx_it.o
                0x08001e34                TIM7_IRQHandler
 .text.SystemInit
                0x08001e40       0x4c Src\system_stm32f4xx.o
                0x08001e40                SystemInit
 .text.Reset_Handler
                0x08001e8c       0x50 startup\startup_stm32f407xx.o
                0x08001e8c                Reset_Handler
 .text.Default_Handler
                0x08001edc        0x2 startup\startup_stm32f407xx.o
                0x08001edc                RTC_Alarm_IRQHandler
                0x08001edc                HASH_RNG_IRQHandler
                0x08001edc                EXTI2_IRQHandler
                0x08001edc                TIM8_CC_IRQHandler
                0x08001edc                TIM1_CC_IRQHandler
                0x08001edc                DMA2_Stream5_IRQHandler
                0x08001edc                DMA1_Stream5_IRQHandler
                0x08001edc                PVD_IRQHandler
                0x08001edc                SDIO_IRQHandler
                0x08001edc                TAMP_STAMP_IRQHandler
                0x08001edc                CAN2_RX1_IRQHandler
                0x08001edc                EXTI3_IRQHandler
                0x08001edc                TIM8_TRG_COM_TIM14_IRQHandler
                0x08001edc                TIM1_UP_TIM10_IRQHandler
                0x08001edc                TIM8_UP_TIM13_IRQHandler
                0x08001edc                I2C3_ER_IRQHandler
                0x08001edc                EXTI0_IRQHandler
                0x08001edc                I2C2_EV_IRQHandler
                0x08001edc                DMA1_Stream2_IRQHandler
                0x08001edc                CAN1_RX0_IRQHandler
                0x08001edc                FPU_IRQHandler
                0x08001edc                OTG_HS_WKUP_IRQHandler
                0x08001edc                CAN2_SCE_IRQHandler
                0x08001edc                DMA2_Stream2_IRQHandler
                0x08001edc                SPI1_IRQHandler
                0x08001edc                TIM6_DAC_IRQHandler
                0x08001edc                TIM1_BRK_TIM9_IRQHandler
                0x08001edc                DCMI_IRQHandler
                0x08001edc                CAN2_RX0_IRQHandler
                0x08001edc                DMA2_Stream3_IRQHandler
                0x08001edc                USART6_IRQHandler
                0x08001edc                USART3_IRQHandler
                0x08001edc                CAN1_RX1_IRQHandler
                0x08001edc                UART5_IRQHandler
                0x08001edc                DMA2_Stream0_IRQHandler
                0x08001edc                TIM4_IRQHandler
                0x08001edc                I2C1_EV_IRQHandler
                0x08001edc                DMA1_Stream6_IRQHandler
                0x08001edc                DMA1_Stream1_IRQHandler
                0x08001edc                UART4_IRQHandler
                0x08001edc                TIM3_IRQHandler
                0x08001edc                RCC_IRQHandler
                0x08001edc                TIM8_BRK_TIM12_IRQHandler
                0x08001edc                Default_Handler
                0x08001edc                EXTI15_10_IRQHandler
                0x08001edc                ADC_IRQHandler
                0x08001edc                DMA1_Stream7_IRQHandler
                0x08001edc                CAN2_TX_IRQHandler
                0x08001edc                TIM5_IRQHandler
                0x08001edc                DMA2_Stream7_IRQHandler
                0x08001edc                I2C3_EV_IRQHandler
                0x08001edc                EXTI9_5_IRQHandler
                0x08001edc                RTC_WKUP_IRQHandler
                0x08001edc                ETH_WKUP_IRQHandler
                0x08001edc                SPI2_IRQHandler
                0x08001edc                OTG_HS_EP1_IN_IRQHandler
                0x08001edc                DMA1_Stream0_IRQHandler
                0x08001edc                CAN1_TX_IRQHandler
                0x08001edc                EXTI4_IRQHandler
                0x08001edc                FSMC_IRQHandler
                0x08001edc                ETH_IRQHandler
                0x08001edc                OTG_HS_EP1_OUT_IRQHandler
                0x08001edc                WWDG_IRQHandler
                0x08001edc                TIM2_IRQHandler
                0x08001edc                OTG_FS_WKUP_IRQHandler
                0x08001edc                TIM1_TRG_COM_TIM11_IRQHandler
                0x08001edc                OTG_HS_IRQHandler
                0x08001edc                EXTI1_IRQHandler
                0x08001edc                USART2_IRQHandler
                0x08001edc                I2C2_ER_IRQHandler
                0x08001edc                DMA2_Stream1_IRQHandler
                0x08001edc                CAN1_SCE_IRQHandler
                0x08001edc                FLASH_IRQHandler
                0x08001edc                DMA2_Stream4_IRQHandler
                0x08001edc                USART1_IRQHandler
                0x08001edc                OTG_FS_IRQHandler
                0x08001edc                SPI3_IRQHandler
                0x08001edc                DMA1_Stream4_IRQHandler
                0x08001edc                I2C1_ER_IRQHandler
                0x08001edc                DMA2_Stream6_IRQHandler
                0x08001edc                DMA1_Stream3_IRQHandler
 *fill*         0x08001ede        0x2 
 .text.__libc_init_array
                0x08001ee0       0x48 c:/program files (x86)/atollic/truestudio for stm32 9.2.0/armtools/bin/../lib/gcc/arm-atollic-eabi/6.3.1/../../../../arm-atollic-eabi/lib/armv7e-m/fpu\libc_nano.a(lib_a-init.o)
                0x08001ee0                __libc_init_array
 .text.memset   0x08001f28       0x10 c:/program files (x86)/atollic/truestudio for stm32 9.2.0/armtools/bin/../lib/gcc/arm-atollic-eabi/6.3.1/../../../../arm-atollic-eabi/lib/armv7e-m/fpu\libc_nano.a(lib_a-memset.o)
                0x08001f28                memset
 *(.glue_7)
 .glue_7        0x08001f38        0x0 linker stubs
 *(.glue_7t)
 .glue_7t       0x08001f38        0x0 linker stubs
 *(.eh_frame)
 .eh_frame      0x08001f38        0x0 c:/program files (x86)/atollic/truestudio for stm32 9.2.0/armtools/bin/../lib/gcc/arm-atollic-eabi/6.3.1/armv7e-m/fpu/crtbegin.o
 *(.init)
 .init          0x08001f38        0x4 c:/program files (x86)/atollic/truestudio for stm32 9.2.0/armtools/bin/../lib/gcc/arm-atollic-eabi/6.3.1/armv7e-m/fpu/crti.o
                0x08001f38                _init
 .init          0x08001f3c        0x8 c:/program files (x86)/atollic/truestudio for stm32 9.2.0/armtools/bin/../lib/gcc/arm-atollic-eabi/6.3.1/armv7e-m/fpu/crtn.o
 *(.fini)
 .fini          0x08001f44        0x4 c:/program files (x86)/atollic/truestudio for stm32 9.2.0/armtools/bin/../lib/gcc/arm-atollic-eabi/6.3.1/armv7e-m/fpu/crti.o
                0x08001f44                _fini
 .fini          0x08001f48        0x8 c:/program files (x86)/atollic/truestudio for stm32 9.2.0/armtools/bin/../lib/gcc/arm-atollic-eabi/6.3.1/armv7e-m/fpu/crtn.o
                0x08001f50                . = ALIGN (0x4)
                0x08001f50                _etext = .

.vfp11_veneer   0x08001f50        0x0
 .vfp11_veneer  0x08001f50        0x0 linker stubs

.v4_bx          0x08001f50        0x0
 .v4_bx         0x08001f50        0x0 linker stubs

.iplt           0x08001f50        0x0
 .iplt          0x08001f50        0x0 c:/program files (x86)/atollic/truestudio for stm32 9.2.0/armtools/bin/../lib/gcc/arm-atollic-eabi/6.3.1/armv7e-m/fpu/crtbegin.o

.rodata         0x08001f50       0x40
                0x08001f50                . = ALIGN (0x4)
 *(.rodata)
 .rodata        0x08001f50       0x14 Src\main.o
 *(.rodata*)
 .rodata.vTaskStartScheduler.str1.1
                0x08001f64        0x5 Middlewares\Third_Party\FreeRTOS\Source\tasks.o
 .rodata.str1.1
                0x08001f69        0xc Src\main.o
 .rodata.AHBPrescTable
                0x08001f75       0x10 Src\system_stm32f4xx.o
                0x08001f75                AHBPrescTable
 .rodata.APBPrescTable
                0x08001f85        0x8 Src\system_stm32f4xx.o
                0x08001f85                APBPrescTable
                0x08001f90                . = ALIGN (0x4)
 *fill*         0x08001f8d        0x3 

.ARM.extab
 *(.ARM.extab* .gnu.linkonce.armextab.*)

.ARM            0x08001f90        0x8
                0x08001f90                __exidx_start = .
 *(.ARM.exidx*)
 .ARM.exidx     0x08001f90        0x8 c:/program files (x86)/atollic/truestudio for stm32 9.2.0/armtools/bin/../lib/gcc/arm-atollic-eabi/6.3.1/armv7e-m/fpu\libgcc.a(_udivmoddi4.o)
                0x08001f98                __exidx_end = .

.rel.dyn        0x08001f98        0x0
 .rel.iplt      0x08001f98        0x0 c:/program files (x86)/atollic/truestudio for stm32 9.2.0/armtools/bin/../lib/gcc/arm-atollic-eabi/6.3.1/armv7e-m/fpu/crtbegin.o

.preinit_array  0x08001f98        0x0
                0x08001f98                PROVIDE (__preinit_array_start, .)
 *(.preinit_array*)
                0x08001f98                PROVIDE (__preinit_array_end, .)

.init_array     0x08001f98        0x4
                0x08001f98                PROVIDE (__init_array_start, .)
 *(SORT(.init_array.*))
 *(.init_array*)
 .init_array    0x08001f98        0x4 c:/program files (x86)/atollic/truestudio for stm32 9.2.0/armtools/bin/../lib/gcc/arm-atollic-eabi/6.3.1/armv7e-m/fpu/crtbegin.o
                0x08001f9c                PROVIDE (__init_array_end, .)

.fini_array     0x08001f9c        0x4
                [!provide]                PROVIDE (__fini_array_start, .)
 *(SORT(.fini_array.*))
 *(.fini_array*)
 .fini_array    0x08001f9c        0x4 c:/program files (x86)/atollic/truestudio for stm32 9.2.0/armtools/bin/../lib/gcc/arm-atollic-eabi/6.3.1/armv7e-m/fpu/crtbegin.o
                [!provide]                PROVIDE (__fini_array_end, .)
                0x08001fa0                _sidata = LOADADDR (.data)

.data           0x20000000        0xc load address 0x08001fa0
                0x20000000                . = ALIGN (0x4)
                0x20000000                _sdata = .
 *(.data)
 *(.data*)
 .data.uwTickFreq
                0x20000000        0x1 Drivers\STM32F4xx_HAL_Driver\Src\stm32f4xx_hal.o
                0x20000000                uwTickFreq
 *fill*         0x20000001        0x3 
 .data.uxCriticalNesting
                0x20000004        0x4 Middlewares\Third_Party\FreeRTOS\Source\portable\GCC\ARM_CM4F\port.o
 .data.SystemCoreClock
                0x20000008        0x4 Src\system_stm32f4xx.o
                0x20000008                SystemCoreClock
                0x2000000c                . = ALIGN (0x4)
                0x2000000c                _edata = .
                0x08001fac                _siccmram = LOADADDR (.ccmram)

.igot.plt       0x2000000c        0x0 load address 0x08001fac
 .igot.plt      0x2000000c        0x0 c:/program files (x86)/atollic/truestudio for stm32 9.2.0/armtools/bin/../lib/gcc/arm-atollic-eabi/6.3.1/armv7e-m/fpu/crtbegin.o

.ccmram         0x10000000        0x0 load address 0x08001fac
                0x10000000                . = ALIGN (0x4)
                0x10000000                _sccmram = .
 *(.ccmram)
 *(.ccmram*)
                0x10000000                . = ALIGN (0x4)
                0x10000000                _eccmram = .
                0x10000000                . = ALIGN (0x4)

.bss            0x2000000c     0x3db8
                0x2000000c                _sbss = .
                0x2000000c                __bss_start__ = _sbss
 *(.bss)
 .bss           0x2000000c       0x1c c:/program files (x86)/atollic/truestudio for stm32 9.2.0/armtools/bin/../lib/gcc/arm-atollic-eabi/6.3.1/armv7e-m/fpu/crtbegin.o
 *(.bss*)
 .bss.ucMaxSysCallPriority
                0x20000028        0x1 Middlewares\Third_Party\FreeRTOS\Source\portable\GCC\ARM_CM4F\port.o
 *fill*         0x20000029        0x3 
 .bss.ulMaxPRIGROUPValue
                0x2000002c        0x4 Middlewares\Third_Party\FreeRTOS\Source\portable\GCC\ARM_CM4F\port.o
 .bss.pxEnd     0x20000030        0x4 Middlewares\Third_Party\FreeRTOS\Source\portable\MemMang\heap_4.o
 .bss.ucHeap    0x20000034     0x3c00 Middlewares\Third_Party\FreeRTOS\Source\portable\MemMang\heap_4.o
 .bss.xBlockAllocatedBit
                0x20003c34        0x4 Middlewares\Third_Party\FreeRTOS\Source\portable\MemMang\heap_4.o
 .bss.xFreeBytesRemaining
                0x20003c38        0x4 Middlewares\Third_Party\FreeRTOS\Source\portable\MemMang\heap_4.o
 .bss.xMinimumEverFreeBytesRemaining
                0x20003c3c        0x4 Middlewares\Third_Party\FreeRTOS\Source\portable\MemMang\heap_4.o
 .bss.xStart    0x20003c40        0x8 Middlewares\Third_Party\FreeRTOS\Source\portable\MemMang\heap_4.o
 .bss.pxCurrentTCB
                0x20003c48        0x4 Middlewares\Third_Party\FreeRTOS\Source\tasks.o
                0x20003c48                pxCurrentTCB
 .bss.pxDelayedTaskList
                0x20003c4c        0x4 Middlewares\Third_Party\FreeRTOS\Source\tasks.o
 .bss.pxOverflowDelayedTaskList
                0x20003c50        0x4 Middlewares\Third_Party\FreeRTOS\Source\tasks.o
 .bss.pxReadyTasksLists
                0x20003c54       0x8c Middlewares\Third_Party\FreeRTOS\Source\tasks.o
 .bss.uxCurrentNumberOfTasks
                0x20003ce0        0x4 Middlewares\Third_Party\FreeRTOS\Source\tasks.o
 .bss.uxDeletedTasksWaitingCleanUp
                0x20003ce4        0x4 Middlewares\Third_Party\FreeRTOS\Source\tasks.o
 .bss.uxPendedTicks
                0x20003ce8        0x4 Middlewares\Third_Party\FreeRTOS\Source\tasks.o
 .bss.uxSchedulerSuspended
                0x20003cec        0x4 Middlewares\Third_Party\FreeRTOS\Source\tasks.o
 .bss.uxTaskNumber
                0x20003cf0        0x4 Middlewares\Third_Party\FreeRTOS\Source\tasks.o
 .bss.uxTopReadyPriority
                0x20003cf4        0x4 Middlewares\Third_Party\FreeRTOS\Source\tasks.o
 .bss.xDelayedTaskList1
                0x20003cf8       0x14 Middlewares\Third_Party\FreeRTOS\Source\tasks.o
 .bss.xDelayedTaskList2
                0x20003d0c       0x14 Middlewares\Third_Party\FreeRTOS\Source\tasks.o
 .bss.xIdleTaskHandle
                0x20003d20        0x4 Middlewares\Third_Party\FreeRTOS\Source\tasks.o
 .bss.xNextTaskUnblockTime
                0x20003d24        0x4 Middlewares\Third_Party\FreeRTOS\Source\tasks.o
 .bss.xNumOfOverflows
                0x20003d28        0x4 Middlewares\Third_Party\FreeRTOS\Source\tasks.o
 .bss.xPendingReadyList
                0x20003d2c       0x14 Middlewares\Third_Party\FreeRTOS\Source\tasks.o
 .bss.xSchedulerRunning
                0x20003d40        0x4 Middlewares\Third_Party\FreeRTOS\Source\tasks.o
 .bss.xSuspendedTaskList
                0x20003d44       0x14 Middlewares\Third_Party\FreeRTOS\Source\tasks.o
 .bss.xTasksWaitingTermination
                0x20003d58       0x14 Middlewares\Third_Party\FreeRTOS\Source\tasks.o
 .bss.xTickCount
                0x20003d6c        0x4 Middlewares\Third_Party\FreeRTOS\Source\tasks.o
 .bss.xYieldPending
                0x20003d70        0x4 Middlewares\Third_Party\FreeRTOS\Source\tasks.o
 *(COMMON)
 COMMON         0x20003d74        0x4 Drivers\STM32F4xx_HAL_Driver\Src\stm32f4xx_hal.o
                0x20003d74                uwTick
 COMMON         0x20003d78       0x10 Src\main.o
                0x20003d78                defaultTaskHandle
                0x20003d7c                hiwdg
 COMMON         0x20003d88       0x3c Src\stm32f4xx_hal_timebase_tim.o
                0x20003d88                htim7
                0x20003dc4                . = ALIGN (0x4)
                0x20003dc4                _ebss = .
                0x20003dc4                __bss_end__ = _ebss

._user_heap_stack
                0x20003dc4      0x600
                0x20003dc4                . = ALIGN (0x4)
                [!provide]                PROVIDE (end, .)
                [!provide]                PROVIDE (_end, .)
                0x20003fc4                . = (. + _Min_Heap_Size)
 *fill*         0x20003dc4      0x200 
                0x200043c4                . = (. + _Min_Stack_Size)
 *fill*         0x20003fc4      0x400 
                0x200043c4                . = ALIGN (0x4)

/DISCARD/
 libc.a(*)
 libm.a(*)
 libgcc.a(*)

.ARM.attributes
                0x00000000       0x30
 *(.ARM.attributes)
 .ARM.attributes
                0x00000000       0x22 c:/program files (x86)/atollic/truestudio for stm32 9.2.0/armtools/bin/../lib/gcc/arm-atollic-eabi/6.3.1/armv7e-m/fpu/crti.o
 .ARM.attributes
                0x00000022       0x34 c:/program files (x86)/atollic/truestudio for stm32 9.2.0/armtools/bin/../lib/gcc/arm-atollic-eabi/6.3.1/armv7e-m/fpu/crtbegin.o
 .ARM.attributes
                0x00000056       0x39 Drivers\STM32F4xx_HAL_Driver\Src\stm32f4xx_hal.o
 .ARM.attributes
                0x0000008f       0x39 Drivers\STM32F4xx_HAL_Driver\Src\stm32f4xx_hal_cortex.o
 .ARM.attributes
                0x000000c8       0x39 Drivers\STM32F4xx_HAL_Driver\Src\stm32f4xx_hal_gpio.o
 .ARM.attributes
                0x00000101       0x39 Drivers\STM32F4xx_HAL_Driver\Src\stm32f4xx_hal_iwdg.o
 .ARM.attributes
                0x0000013a       0x39 Drivers\STM32F4xx_HAL_Driver\Src\stm32f4xx_hal_rcc.o
 .ARM.attributes
                0x00000173       0x39 Drivers\STM32F4xx_HAL_Driver\Src\stm32f4xx_hal_tim.o
 .ARM.attributes
                0x000001ac       0x39 Drivers\STM32F4xx_HAL_Driver\Src\stm32f4xx_hal_tim_ex.o
 .ARM.attributes
                0x000001e5       0x39 Middlewares\Third_Party\FreeRTOS\Source\CMSIS_RTOS\cmsis_os.o
 .ARM.attributes
                0x0000021e       0x39 Middlewares\Third_Party\FreeRTOS\Source\list.o
 .ARM.attributes
                0x00000257       0x39 Middlewares\Third_Party\FreeRTOS\Source\portable\GCC\ARM_CM4F\port.o
 .ARM.attributes
                0x00000290       0x39 Middlewares\Third_Party\FreeRTOS\Source\portable\MemMang\heap_4.o
 .ARM.attributes
                0x000002c9       0x39 Middlewares\Third_Party\FreeRTOS\Source\tasks.o
 .ARM.attributes
                0x00000302       0x39 Src\main.o
 .ARM.attributes
                0x0000033b       0x39 Src\stm32f4xx_hal_msp.o
 .ARM.attributes
                0x00000374       0x39 Src\stm32f4xx_hal_timebase_tim.o
 .ARM.attributes
                0x000003ad       0x39 Src\stm32f4xx_it.o
 .ARM.attributes
                0x000003e6       0x39 Src\system_stm32f4xx.o
 .ARM.attributes
                0x0000041f       0x21 startup\startup_stm32f407xx.o
 .ARM.attributes
                0x00000440       0x34 c:/program files (x86)/atollic/truestudio for stm32 9.2.0/armtools/bin/../lib/gcc/arm-atollic-eabi/6.3.1/../../../../arm-atollic-eabi/lib/armv7e-m/fpu\libc_nano.a(lib_a-init.o)
 .ARM.attributes
                0x00000474       0x34 c:/program files (x86)/atollic/truestudio for stm32 9.2.0/armtools/bin/../lib/gcc/arm-atollic-eabi/6.3.1/../../../../arm-atollic-eabi/lib/armv7e-m/fpu\libc_nano.a(lib_a-memset.o)
 .ARM.attributes
                0x000004a8       0x22 c:/program files (x86)/atollic/truestudio for stm32 9.2.0/armtools/bin/../lib/gcc/arm-atollic-eabi/6.3.1/armv7e-m/fpu\libgcc.a(_aeabi_uldivmod.o)
 .ARM.attributes
                0x000004ca       0x34 c:/program files (x86)/atollic/truestudio for stm32 9.2.0/armtools/bin/../lib/gcc/arm-atollic-eabi/6.3.1/armv7e-m/fpu\libgcc.a(_udivmoddi4.o)
 .ARM.attributes
                0x000004fe       0x22 c:/program files (x86)/atollic/truestudio for stm32 9.2.0/armtools/bin/../lib/gcc/arm-atollic-eabi/6.3.1/armv7e-m/fpu\libgcc.a(_dvmd_tls.o)
 .ARM.attributes
                0x00000520       0x22 c:/program files (x86)/atollic/truestudio for stm32 9.2.0/armtools/bin/../lib/gcc/arm-atollic-eabi/6.3.1/armv7e-m/fpu/crtn.o
OUTPUT(stm32f407-disco-freeRTOS.elf elf32-littlearm)

.debug_info     0x00000000    0x16e1c
 .debug_info    0x00000000     0x11ec Drivers\STM32F4xx_HAL_Driver\Src\stm32f4xx_hal.o
 .debug_info    0x000011ec     0x1744 Drivers\STM32F4xx_HAL_Driver\Src\stm32f4xx_hal_cortex.o
 .debug_info    0x00002930      0xf88 Drivers\STM32F4xx_HAL_Driver\Src\stm32f4xx_hal_gpio.o
 .debug_info    0x000038b8      0xaa6 Drivers\STM32F4xx_HAL_Driver\Src\stm32f4xx_hal_iwdg.o
 .debug_info    0x0000435e     0x1269 Drivers\STM32F4xx_HAL_Driver\Src\stm32f4xx_hal_rcc.o
 .debug_info    0x000055c7     0x3ba2 Drivers\STM32F4xx_HAL_Driver\Src\stm32f4xx_hal_tim.o
 .debug_info    0x00009169     0x19a5 Drivers\STM32F4xx_HAL_Driver\Src\stm32f4xx_hal_tim_ex.o
 .debug_info    0x0000ab0e     0x2540 Middlewares\Third_Party\FreeRTOS\Source\CMSIS_RTOS\cmsis_os.o
 .debug_info    0x0000d04e      0xac0 Middlewares\Third_Party\FreeRTOS\Source\list.o
 .debug_info    0x0000db0e      0x531 Middlewares\Third_Party\FreeRTOS\Source\portable\GCC\ARM_CM4F\port.o
 .debug_info    0x0000e03f      0xca5 Middlewares\Third_Party\FreeRTOS\Source\portable\MemMang\heap_4.o
 .debug_info    0x0000ece4     0x2ace Middlewares\Third_Party\FreeRTOS\Source\tasks.o
 .debug_info    0x000117b2     0x1923 Src\main.o
 .debug_info    0x000130d5      0xd72 Src\stm32f4xx_hal_msp.o
 .debug_info    0x00013e47     0x13a6 Src\stm32f4xx_hal_timebase_tim.o
 .debug_info    0x000151ed      0xe7f Src\stm32f4xx_it.o
 .debug_info    0x0001606c      0xd1c Src\system_stm32f4xx.o
 .debug_info    0x00016d88       0x94 startup\startup_stm32f407xx.o

.debug_abbrev   0x00000000     0x2fdc
 .debug_abbrev  0x00000000      0x308 Drivers\STM32F4xx_HAL_Driver\Src\stm32f4xx_hal.o
 .debug_abbrev  0x00000308      0x399 Drivers\STM32F4xx_HAL_Driver\Src\stm32f4xx_hal_cortex.o
 .debug_abbrev  0x000006a1      0x268 Drivers\STM32F4xx_HAL_Driver\Src\stm32f4xx_hal_gpio.o
 .debug_abbrev  0x00000909      0x1e4 Drivers\STM32F4xx_HAL_Driver\Src\stm32f4xx_hal_iwdg.o
 .debug_abbrev  0x00000aed      0x353 Drivers\STM32F4xx_HAL_Driver\Src\stm32f4xx_hal_rcc.o
 .debug_abbrev  0x00000e40      0x3ac Drivers\STM32F4xx_HAL_Driver\Src\stm32f4xx_hal_tim.o
 .debug_abbrev  0x000011ec      0x300 Drivers\STM32F4xx_HAL_Driver\Src\stm32f4xx_hal_tim_ex.o
 .debug_abbrev  0x000014ec      0x447 Middlewares\Third_Party\FreeRTOS\Source\CMSIS_RTOS\cmsis_os.o
 .debug_abbrev  0x00001933      0x1e3 Middlewares\Third_Party\FreeRTOS\Source\list.o
 .debug_abbrev  0x00001b16      0x211 Middlewares\Third_Party\FreeRTOS\Source\portable\GCC\ARM_CM4F\port.o
 .debug_abbrev  0x00001d27      0x314 Middlewares\Third_Party\FreeRTOS\Source\portable\MemMang\heap_4.o
 .debug_abbrev  0x0000203b      0x42a Middlewares\Third_Party\FreeRTOS\Source\tasks.o
 .debug_abbrev  0x00002465      0x33b Src\main.o
 .debug_abbrev  0x000027a0      0x1f3 Src\stm32f4xx_hal_msp.o
 .debug_abbrev  0x00002993      0x258 Src\stm32f4xx_hal_timebase_tim.o
 .debug_abbrev  0x00002beb      0x215 Src\stm32f4xx_it.o
 .debug_abbrev  0x00002e00      0x1ca Src\system_stm32f4xx.o
 .debug_abbrev  0x00002fca       0x12 startup\startup_stm32f407xx.o

.debug_loc      0x00000000     0x7122
 .debug_loc     0x00000000      0x11b Drivers\STM32F4xx_HAL_Driver\Src\stm32f4xx_hal.o
 .debug_loc     0x0000011b      0x4fb Drivers\STM32F4xx_HAL_Driver\Src\stm32f4xx_hal_cortex.o
 .debug_loc     0x00000616      0x3cd Drivers\STM32F4xx_HAL_Driver\Src\stm32f4xx_hal_gpio.o
 .debug_loc     0x000009e3       0x68 Drivers\STM32F4xx_HAL_Driver\Src\stm32f4xx_hal_iwdg.o
 .debug_loc     0x00000a4b      0x336 Drivers\STM32F4xx_HAL_Driver\Src\stm32f4xx_hal_rcc.o
 .debug_loc     0x00000d81     0x30b2 Drivers\STM32F4xx_HAL_Driver\Src\stm32f4xx_hal_tim.o
 .debug_loc     0x00003e33      0x84a Drivers\STM32F4xx_HAL_Driver\Src\stm32f4xx_hal_tim_ex.o
 .debug_loc     0x0000467d     0x109b Middlewares\Third_Party\FreeRTOS\Source\CMSIS_RTOS\cmsis_os.o
 .debug_loc     0x00005718       0x94 Middlewares\Third_Party\FreeRTOS\Source\list.o
 .debug_loc     0x000057ac       0xcf Middlewares\Third_Party\FreeRTOS\Source\portable\GCC\ARM_CM4F\port.o
 .debug_loc     0x0000587b      0x390 Middlewares\Third_Party\FreeRTOS\Source\portable\MemMang\heap_4.o
 .debug_loc     0x00005c0b     0x1309 Middlewares\Third_Party\FreeRTOS\Source\tasks.o
 .debug_loc     0x00006f14       0x4d Src\main.o
 .debug_loc     0x00006f61       0xa5 Src\stm32f4xx_hal_timebase_tim.o
 .debug_loc     0x00007006      0x11c Src\system_stm32f4xx.o

.debug_aranges  0x00000000      0xb10
 .debug_aranges
                0x00000000       0xd8 Drivers\STM32F4xx_HAL_Driver\Src\stm32f4xx_hal.o
 .debug_aranges
                0x000000d8       0xa8 Drivers\STM32F4xx_HAL_Driver\Src\stm32f4xx_hal_cortex.o
 .debug_aranges
                0x00000180       0x58 Drivers\STM32F4xx_HAL_Driver\Src\stm32f4xx_hal_gpio.o
 .debug_aranges
                0x000001d8       0x28 Drivers\STM32F4xx_HAL_Driver\Src\stm32f4xx_hal_iwdg.o
 .debug_aranges
                0x00000200       0x88 Drivers\STM32F4xx_HAL_Driver\Src\stm32f4xx_hal_rcc.o
 .debug_aranges
                0x00000288      0x250 Drivers\STM32F4xx_HAL_Driver\Src\stm32f4xx_hal_tim.o
 .debug_aranges
                0x000004d8       0xf0 Drivers\STM32F4xx_HAL_Driver\Src\stm32f4xx_hal_tim_ex.o
 .debug_aranges
                0x000005c8      0x198 Middlewares\Third_Party\FreeRTOS\Source\CMSIS_RTOS\cmsis_os.o
 .debug_aranges
                0x00000760       0x40 Middlewares\Third_Party\FreeRTOS\Source\list.o
 .debug_aranges
                0x000007a0       0x80 Middlewares\Third_Party\FreeRTOS\Source\portable\GCC\ARM_CM4F\port.o
 .debug_aranges
                0x00000820       0x48 Middlewares\Third_Party\FreeRTOS\Source\portable\MemMang\heap_4.o
 .debug_aranges
                0x00000868      0x178 Middlewares\Third_Party\FreeRTOS\Source\tasks.o
 .debug_aranges
                0x000009e0       0x48 Src\main.o
 .debug_aranges
                0x00000a28       0x20 Src\stm32f4xx_hal_msp.o
 .debug_aranges
                0x00000a48       0x30 Src\stm32f4xx_hal_timebase_tim.o
 .debug_aranges
                0x00000a78       0x48 Src\stm32f4xx_it.o
 .debug_aranges
                0x00000ac0       0x28 Src\system_stm32f4xx.o
 .debug_aranges
                0x00000ae8       0x28 startup\startup_stm32f407xx.o

.debug_ranges   0x00000000      0xdb0
 .debug_ranges  0x00000000       0xc8 Drivers\STM32F4xx_HAL_Driver\Src\stm32f4xx_hal.o
 .debug_ranges  0x000000c8      0x138 Drivers\STM32F4xx_HAL_Driver\Src\stm32f4xx_hal_cortex.o
 .debug_ranges  0x00000200       0x68 Drivers\STM32F4xx_HAL_Driver\Src\stm32f4xx_hal_gpio.o
 .debug_ranges  0x00000268       0x18 Drivers\STM32F4xx_HAL_Driver\Src\stm32f4xx_hal_iwdg.o
 .debug_ranges  0x00000280       0xb0 Drivers\STM32F4xx_HAL_Driver\Src\stm32f4xx_hal_rcc.o
 .debug_ranges  0x00000330      0x330 Drivers\STM32F4xx_HAL_Driver\Src\stm32f4xx_hal_tim.o
 .debug_ranges  0x00000660       0xe0 Drivers\STM32F4xx_HAL_Driver\Src\stm32f4xx_hal_tim_ex.o
 .debug_ranges  0x00000740      0x188 Middlewares\Third_Party\FreeRTOS\Source\CMSIS_RTOS\cmsis_os.o
 .debug_ranges  0x000008c8       0x30 Middlewares\Third_Party\FreeRTOS\Source\list.o
 .debug_ranges  0x000008f8       0x88 Middlewares\Third_Party\FreeRTOS\Source\portable\GCC\ARM_CM4F\port.o
 .debug_ranges  0x00000980       0x38 Middlewares\Third_Party\FreeRTOS\Source\portable\MemMang\heap_4.o
 .debug_ranges  0x000009b8      0x290 Middlewares\Third_Party\FreeRTOS\Source\tasks.o
 .debug_ranges  0x00000c48       0x90 Src\main.o
 .debug_ranges  0x00000cd8       0x28 Src\stm32f4xx_hal_msp.o
 .debug_ranges  0x00000d00       0x40 Src\stm32f4xx_hal_timebase_tim.o
 .debug_ranges  0x00000d40       0x38 Src\stm32f4xx_it.o
 .debug_ranges  0x00000d78       0x18 Src\system_stm32f4xx.o
 .debug_ranges  0x00000d90       0x20 startup\startup_stm32f407xx.o

.debug_line     0x00000000     0x5e62
 .debug_line    0x00000000      0x492 Drivers\STM32F4xx_HAL_Driver\Src\stm32f4xx_hal.o
 .debug_line    0x00000492      0x4dc Drivers\STM32F4xx_HAL_Driver\Src\stm32f4xx_hal_cortex.o
 .debug_line    0x0000096e      0x47a Drivers\STM32F4xx_HAL_Driver\Src\stm32f4xx_hal_gpio.o
 .debug_line    0x00000de8      0x2fe Drivers\STM32F4xx_HAL_Driver\Src\stm32f4xx_hal_iwdg.o
 .debug_line    0x000010e6      0x58b Drivers\STM32F4xx_HAL_Driver\Src\stm32f4xx_hal_rcc.o
 .debug_line    0x00001671     0x117f Drivers\STM32F4xx_HAL_Driver\Src\stm32f4xx_hal_tim.o
 .debug_line    0x000027f0      0x6cb Drivers\STM32F4xx_HAL_Driver\Src\stm32f4xx_hal_tim_ex.o
 .debug_line    0x00002ebb      0x8e8 Middlewares\Third_Party\FreeRTOS\Source\CMSIS_RTOS\cmsis_os.o
 .debug_line    0x000037a3      0x368 Middlewares\Third_Party\FreeRTOS\Source\list.o
 .debug_line    0x00003b0b      0x349 Middlewares\Third_Party\FreeRTOS\Source\portable\GCC\ARM_CM4F\port.o
 .debug_line    0x00003e54      0x415 Middlewares\Third_Party\FreeRTOS\Source\portable\MemMang\heap_4.o
 .debug_line    0x00004269      0xbdc Middlewares\Third_Party\FreeRTOS\Source\tasks.o
 .debug_line    0x00004e45      0x484 Src\main.o
 .debug_line    0x000052c9      0x286 Src\stm32f4xx_hal_msp.o
 .debug_line    0x0000554f      0x328 Src\stm32f4xx_hal_timebase_tim.o
 .debug_line    0x00005877      0x2f7 Src\stm32f4xx_it.o
 .debug_line    0x00005b6e      0x275 Src\system_stm32f4xx.o
 .debug_line    0x00005de3       0x7f startup\startup_stm32f407xx.o

.debug_str      0x00000000     0x494c
 .debug_str     0x00000000      0xf30 Drivers\STM32F4xx_HAL_Driver\Src\stm32f4xx_hal.o
                                0xfd6 (size before relaxing)
 .debug_str     0x00000f30      0x3ba Drivers\STM32F4xx_HAL_Driver\Src\stm32f4xx_hal_cortex.o
                               0x10ad (size before relaxing)
 .debug_str     0x000012ea      0x1de Drivers\STM32F4xx_HAL_Driver\Src\stm32f4xx_hal_gpio.o
                                0x983 (size before relaxing)
 .debug_str     0x000014c8       0x9f Drivers\STM32F4xx_HAL_Driver\Src\stm32f4xx_hal_iwdg.o
                                0x743 (size before relaxing)
 .debug_str     0x00001567      0x2e9 Drivers\STM32F4xx_HAL_Driver\Src\stm32f4xx_hal_rcc.o
                                0xb56 (size before relaxing)
 .debug_str     0x00001850     0x112b Drivers\STM32F4xx_HAL_Driver\Src\stm32f4xx_hal_tim.o
                               0x1848 (size before relaxing)
 .debug_str     0x0000297b      0x50d Drivers\STM32F4xx_HAL_Driver\Src\stm32f4xx_hal_tim_ex.o
                               0x1108 (size before relaxing)
 .debug_str     0x00002e88      0xb30 Middlewares\Third_Party\FreeRTOS\Source\CMSIS_RTOS\cmsis_os.o
                               0x122e (size before relaxing)
 .debug_str     0x000039b8      0x159 Middlewares\Third_Party\FreeRTOS\Source\list.o
                                0x76f (size before relaxing)
 .debug_str     0x00003b11      0x21e Middlewares\Third_Party\FreeRTOS\Source\portable\GCC\ARM_CM4F\port.o
                                0x49a (size before relaxing)
 .debug_str     0x00003d2f      0x1e8 Middlewares\Third_Party\FreeRTOS\Source\portable\MemMang\heap_4.o
                                0x858 (size before relaxing)
 .debug_str     0x00003f17      0x868 Middlewares\Third_Party\FreeRTOS\Source\tasks.o
                               0x12be (size before relaxing)
 .debug_str     0x0000477f       0x92 Src\main.o
                                0xfe4 (size before relaxing)
 .debug_str     0x00004811       0x1b Src\stm32f4xx_hal_msp.o
                                0xc6e (size before relaxing)
 .debug_str     0x0000482c       0x50 Src\stm32f4xx_hal_timebase_tim.o
                               0x11dc (size before relaxing)
 .debug_str     0x0000487c       0x8b Src\stm32f4xx_it.o
                                0xaf2 (size before relaxing)
 .debug_str     0x00004907       0x45 Src\system_stm32f4xx.o
                                0x7e7 (size before relaxing)

.comment        0x00000000       0x7c
 .comment       0x00000000       0x7c Drivers\STM32F4xx_HAL_Driver\Src\stm32f4xx_hal.o
                                 0x7d (size before relaxing)
 .comment       0x0000007c       0x7d Drivers\STM32F4xx_HAL_Driver\Src\stm32f4xx_hal_cortex.o
 .comment       0x0000007c       0x7d Drivers\STM32F4xx_HAL_Driver\Src\stm32f4xx_hal_gpio.o
 .comment       0x0000007c       0x7d Drivers\STM32F4xx_HAL_Driver\Src\stm32f4xx_hal_iwdg.o
 .comment       0x0000007c       0x7d Drivers\STM32F4xx_HAL_Driver\Src\stm32f4xx_hal_rcc.o
 .comment       0x0000007c       0x7d Drivers\STM32F4xx_HAL_Driver\Src\stm32f4xx_hal_tim.o
 .comment       0x0000007c       0x7d Drivers\STM32F4xx_HAL_Driver\Src\stm32f4xx_hal_tim_ex.o
 .comment       0x0000007c       0x7d Middlewares\Third_Party\FreeRTOS\Source\CMSIS_RTOS\cmsis_os.o
 .comment       0x0000007c       0x7d Middlewares\Third_Party\FreeRTOS\Source\list.o
 .comment       0x0000007c       0x7d Middlewares\Third_Party\FreeRTOS\Source\portable\GCC\ARM_CM4F\port.o
 .comment       0x0000007c       0x7d Middlewares\Third_Party\FreeRTOS\Source\portable\MemMang\heap_4.o
 .comment       0x0000007c       0x7d Middlewares\Third_Party\FreeRTOS\Source\tasks.o
 .comment       0x0000007c       0x7d Src\main.o
 .comment       0x0000007c       0x7d Src\stm32f4xx_hal_msp.o
 .comment       0x0000007c       0x7d Src\stm32f4xx_hal_timebase_tim.o
 .comment       0x0000007c       0x7d Src\stm32f4xx_it.o
 .comment       0x0000007c       0x7d Src\system_stm32f4xx.o

.debug_frame    0x00000000     0x1f08
 .debug_frame   0x00000000      0x1d0 Drivers\STM32F4xx_HAL_Driver\Src\stm32f4xx_hal.o
 .debug_frame   0x000001d0      0x158 Drivers\STM32F4xx_HAL_Driver\Src\stm32f4xx_hal_cortex.o
 .debug_frame   0x00000328       0xd8 Drivers\STM32F4xx_HAL_Driver\Src\stm32f4xx_hal_gpio.o
 .debug_frame   0x00000400       0x3c Drivers\STM32F4xx_HAL_Driver\Src\stm32f4xx_hal_iwdg.o
 .debug_frame   0x0000043c      0x13c Drivers\STM32F4xx_HAL_Driver\Src\stm32f4xx_hal_rcc.o
 .debug_frame   0x00000578      0x854 Drivers\STM32F4xx_HAL_Driver\Src\stm32f4xx_hal_tim.o
 .debug_frame   0x00000dcc      0x330 Drivers\STM32F4xx_HAL_Driver\Src\stm32f4xx_hal_tim_ex.o
 .debug_frame   0x000010fc      0x4dc Middlewares\Third_Party\FreeRTOS\Source\CMSIS_RTOS\cmsis_os.o
 .debug_frame   0x000015d8       0x6c Middlewares\Third_Party\FreeRTOS\Source\list.o
 .debug_frame   0x00001644       0xf0 Middlewares\Third_Party\FreeRTOS\Source\portable\GCC\ARM_CM4F\port.o
 .debug_frame   0x00001734       0x98 Middlewares\Third_Party\FreeRTOS\Source\portable\MemMang\heap_4.o
 .debug_frame   0x000017cc      0x4c8 Middlewares\Third_Party\FreeRTOS\Source\tasks.o
 .debug_frame   0x00001c94       0x94 Src\main.o
 .debug_frame   0x00001d28       0x28 Src\stm32f4xx_hal_msp.o
 .debug_frame   0x00001d50       0x54 Src\stm32f4xx_hal_timebase_tim.o
 .debug_frame   0x00001da4       0x80 Src\stm32f4xx_it.o
 .debug_frame   0x00001e24       0x38 Src\system_stm32f4xx.o
 .debug_frame   0x00001e5c       0x2c c:/program files (x86)/atollic/truestudio for stm32 9.2.0/armtools/bin/../lib/gcc/arm-atollic-eabi/6.3.1/../../../../arm-atollic-eabi/lib/armv7e-m/fpu\libc_nano.a(lib_a-init.o)
 .debug_frame   0x00001e88       0x20 c:/program files (x86)/atollic/truestudio for stm32 9.2.0/armtools/bin/../lib/gcc/arm-atollic-eabi/6.3.1/../../../../arm-atollic-eabi/lib/armv7e-m/fpu\libc_nano.a(lib_a-memset.o)
 .debug_frame   0x00001ea8       0x2c c:/program files (x86)/atollic/truestudio for stm32 9.2.0/armtools/bin/../lib/gcc/arm-atollic-eabi/6.3.1/armv7e-m/fpu\libgcc.a(_aeabi_uldivmod.o)
 .debug_frame   0x00001ed4       0x34 c:/program files (x86)/atollic/truestudio for stm32 9.2.0/armtools/bin/../lib/gcc/arm-atollic-eabi/6.3.1/armv7e-m/fpu\libgcc.a(_udivmoddi4.o)
